  Determining projects to restore...
  All projects are up-to-date for restore.
  SIPSorceryMedia.Abstractions -> D:\users\tj\Projects\SpawnDev.RTC\SpawnDev.RTC\Src\sipsorcery\src\SIPSorceryMedia.Abstractions\bin\Debug\net10.0\SIPSorceryMedia.Abstractions.dll
  SIPSorcery -> D:\users\tj\Projects\SpawnDev.RTC\SpawnDev.RTC\Src\sipsorcery\src\SIPSorcery\bin\Debug\net10.0\SIPSorcery.dll
D:\users\tj\Projects\SpawnDev.RTC\SpawnDev.RTC\SpawnDev.RTC\Browser\BrowserRTCDataChannel.cs(118,33): warning CS8600: Converting null literal or possible null value to non-nullable type. [D:\users\tj\Projects\SpawnDev.RTC\SpawnDev.RTC\SpawnDev.RTC\SpawnDev.RTC.csproj]
D:\users\tj\Projects\SpawnDev.RTC\SpawnDev.RTC\SpawnDev.RTC\Browser\BrowserRTCDataChannel.cs(119,44): warning CS8604: Possible null reference argument for parameter 'obj' in 'void Action<byte[]>.Invoke(byte[] obj)'. [D:\users\tj\Projects\SpawnDev.RTC\SpawnDev.RTC\SpawnDev.RTC\SpawnDev.RTC.csproj]
D:\users\tj\Projects\SpawnDev.RTC\SpawnDev.RTC\SpawnDev.RTC\Desktop\MultiMediaVideoSource.cs(49,52): warning CS0067: The event 'MultiMediaVideoSource.OnVideoSourceRawSampleFaster' is never used [D:\users\tj\Projects\SpawnDev.RTC\SpawnDev.RTC\SpawnDev.RTC\SpawnDev.RTC.csproj]
D:\users\tj\Projects\SpawnDev.RTC\SpawnDev.RTC\SpawnDev.RTC\Desktop\DesktopRTCTransport.cs(9,38): warning CS0067: The event 'DesktopRTCDtlsTransport.OnError' is never used [D:\users\tj\Projects\SpawnDev.RTC\SpawnDev.RTC\SpawnDev.RTC\SpawnDev.RTC.csproj]
D:\users\tj\Projects\SpawnDev.RTC\SpawnDev.RTC\SpawnDev.RTC\Desktop\DesktopRTCDataChannel.cs(65,30): warning CS0067: The event 'DesktopRTCDataChannel.OnClosing' is never used [D:\users\tj\Projects\SpawnDev.RTC\SpawnDev.RTC\SpawnDev.RTC\SpawnDev.RTC.csproj]
D:\users\tj\Projects\SpawnDev.RTC\SpawnDev.RTC\SpawnDev.RTC\Browser\BrowserRTCMediaStreamTrack.cs(28,30): warning CS0067: The event 'BrowserRTCMediaStreamTrack.OnUnmute' is never used [D:\users\tj\Projects\SpawnDev.RTC\SpawnDev.RTC\SpawnDev.RTC\SpawnDev.RTC.csproj]
D:\users\tj\Projects\SpawnDev.RTC\SpawnDev.RTC\SpawnDev.RTC\Desktop\DesktopRTCTransport.cs(8,38): warning CS0067: The event 'DesktopRTCDtlsTransport.OnStateChange' is never used [D:\users\tj\Projects\SpawnDev.RTC\SpawnDev.RTC\SpawnDev.RTC\SpawnDev.RTC.csproj]
D:\users\tj\Projects\SpawnDev.RTC\SpawnDev.RTC\SpawnDev.RTC\Desktop\MultiMediaAudioSource.cs(37,49): warning CS0067: The event 'MultiMediaAudioSource.OnAudioSourceEncodedFrameReady' is never used [D:\users\tj\Projects\SpawnDev.RTC\SpawnDev.RTC\SpawnDev.RTC\SpawnDev.RTC.csproj]
D:\users\tj\Projects\SpawnDev.RTC\SpawnDev.RTC\SpawnDev.RTC\Desktop\MultiMediaAudioSource.cs(38,46): warning CS0067: The event 'MultiMediaAudioSource.OnAudioSourceRawSample' is never used [D:\users\tj\Projects\SpawnDev.RTC\SpawnDev.RTC\SpawnDev.RTC\SpawnDev.RTC.csproj]
D:\users\tj\Projects\SpawnDev.RTC\SpawnDev.RTC\SpawnDev.RTC\Desktop\DesktopRTCMediaStreamTrack.cs(31,30): warning CS0067: The event 'DesktopRTCMediaStreamTrack.OnMute' is never used [D:\users\tj\Projects\SpawnDev.RTC\SpawnDev.RTC\SpawnDev.RTC\SpawnDev.RTC.csproj]
D:\users\tj\Projects\SpawnDev.RTC\SpawnDev.RTC\SpawnDev.RTC\Desktop\DesktopRTCDataChannel.cs(69,43): warning CS0067: The event 'DesktopRTCDataChannel.OnArrayBufferMessage' is never used [D:\users\tj\Projects\SpawnDev.RTC\SpawnDev.RTC\SpawnDev.RTC\SpawnDev.RTC.csproj]
D:\users\tj\Projects\SpawnDev.RTC\SpawnDev.RTC\SpawnDev.RTC\Desktop\DesktopRTCPeerConnection.cs(73,52): warning CS0067: The event 'DesktopRTCPeerConnection.OnIceCandidateError' is never used [D:\users\tj\Projects\SpawnDev.RTC\SpawnDev.RTC\SpawnDev.RTC\SpawnDev.RTC.csproj]
D:\users\tj\Projects\SpawnDev.RTC\SpawnDev.RTC\SpawnDev.RTC\Desktop\DesktopRTCMediaStreamTrack.cs(32,30): warning CS0067: The event 'DesktopRTCMediaStreamTrack.OnUnmute' is never used [D:\users\tj\Projects\SpawnDev.RTC\SpawnDev.RTC\SpawnDev.RTC\SpawnDev.RTC.csproj]
D:\users\tj\Projects\SpawnDev.RTC\SpawnDev.RTC\SpawnDev.RTC\Desktop\MultiMediaVideoSource.cs(48,46): warning CS0067: The event 'MultiMediaVideoSource.OnVideoSourceRawSample' is never used [D:\users\tj\Projects\SpawnDev.RTC\SpawnDev.RTC\SpawnDev.RTC\SpawnDev.RTC.csproj]
D:\users\tj\Projects\SpawnDev.RTC\SpawnDev.RTC\SpawnDev.RTC\Browser\BrowserRTCStatsReport.cs(10,55): warning CS1574: XML comment has cref attribute 'Stringify(object)' that could not be resolved [D:\users\tj\Projects\SpawnDev.RTC\SpawnDev.RTC\SpawnDev.RTC\SpawnDev.RTC.csproj]
D:\users\tj\Projects\SpawnDev.RTC\SpawnDev.RTC\SpawnDev.RTC\Desktop\DesktopRTCPeerConnection.cs(337,24): warning CS1574: XML comment has cref attribute 'AudioEncoder' that could not be resolved [D:\users\tj\Projects\SpawnDev.RTC\SpawnDev.RTC\SpawnDev.RTC\SpawnDev.RTC.csproj]
D:\users\tj\Projects\SpawnDev.RTC\SpawnDev.RTC\SpawnDev.RTC\Desktop\DesktopRTCPeerConnection.cs(14,70): warning CA1416: This call site is reachable on all platforms. 'MultiMediaVideoSource' is only supported on: 'windows'. (https://learn.microsoft.com/dotnet/fundamentals/code-analysis/quality-rules/ca1416) [D:\users\tj\Projects\SpawnDev.RTC\SpawnDev.RTC\SpawnDev.RTC\SpawnDev.RTC.csproj]
D:\users\tj\Projects\SpawnDev.RTC\SpawnDev.RTC\SpawnDev.RTC\Desktop\DesktopRTCPeerConnection.cs(531,23): warning CA1416: This call site is reachable on all platforms. 'MultiMediaVideoSource.Dispose()' is only supported on: 'windows'. (https://learn.microsoft.com/dotnet/fundamentals/code-analysis/quality-rules/ca1416) [D:\users\tj\Projects\SpawnDev.RTC\SpawnDev.RTC\SpawnDev.RTC\SpawnDev.RTC.csproj]
D:\users\tj\Projects\SpawnDev.RTC\SpawnDev.RTC\SpawnDev.RTC\Desktop\DesktopRTCPeerConnection.cs(533,13): warning CA1416: This call site is reachable on all platforms. 'MultiMediaVideoSource' is only supported on: 'windows'. (https://learn.microsoft.com/dotnet/fundamentals/code-analysis/quality-rules/ca1416) [D:\users\tj\Projects\SpawnDev.RTC\SpawnDev.RTC\SpawnDev.RTC\SpawnDev.RTC.csproj]
  SpawnDev.RTC -> D:\users\tj\Projects\SpawnDev.RTC\SpawnDev.RTC\SpawnDev.RTC\bin\Debug\net10.0\SpawnDev.RTC.dll
  Successfully created package 'D:\users\tj\Projects\SpawnDev.RTC\SpawnDev.RTC\SpawnDev.RTC\bin\Debug\SpawnDev.RTC.2.0.3.nupkg'.
D:\users\tj\Projects\SpawnDev.RTC\SpawnDev.RTC\SpawnDev.RTC.Server\TrackerSignalingServer.cs(105,67): warning CS0419: Ambiguous reference in cref attribute: 'Extensions.SignalingAppBuilderExtensions.UseRtcSignaling'. Assuming 'SpawnDev.RTC.Server.Extensions.SignalingAppBuilderExtensions.UseRtcSignaling(Microsoft.AspNetCore.Builder.IApplicationBuilder, string, SpawnDev.RTC.Server.TrackerServerOptions?)', but could have also matched other overloads including 'SpawnDev.RTC.Server.Extensions.SignalingAppBuilderExtensions.UseRtcSignaling(Microsoft.AspNetCore.Builder.IApplicationBuilder, string, SpawnDev.RTC.Server.TrackerSignalingServer)'. [D:\users\tj\Projects\SpawnDev.RTC\SpawnDev.RTC\SpawnDev.RTC.Server\SpawnDev.RTC.Server.csproj]
  SpawnDev.RTC.Server -> D:\users\tj\Projects\SpawnDev.RTC\SpawnDev.RTC\SpawnDev.RTC.Server\bin\Debug\net10.0\SpawnDev.RTC.Server.dll
  Successfully created package 'D:\users\tj\Projects\SpawnDev.RTC\SpawnDev.RTC\SpawnDev.RTC.Server\bin\Debug\SpawnDev.RTC.Server.2.0.3.nupkg'.
D:\users\tj\Projects\SpawnDev.RTC\SpawnDev.RTC\PlaywrightMultiTest\TestableConsole.cs(3,19): warning CS8618: Non-nullable property 'ExePath' must contain a non-null value when exiting constructor. Consider adding the 'required' modifier or declaring the property as nullable. [D:\users\tj\Projects\SpawnDev.RTC\SpawnDev.RTC\PlaywrightMultiTest\PlaywrightMultiTest.csproj]
D:\users\tj\Projects\SpawnDev.RTC\SpawnDev.RTC\PlaywrightMultiTest\TestableProject.cs(5,27): warning CS8618: Non-nullable property 'ProjectDetails' must contain a non-null value when exiting constructor. Consider adding the 'required' modifier or declaring the property as nullable. [D:\users\tj\Projects\SpawnDev.RTC\SpawnDev.RTC\PlaywrightMultiTest\PlaywrightMultiTest.csproj]
D:\users\tj\Projects\SpawnDev.RTC\SpawnDev.RTC\PlaywrightMultiTest\TestableBlazorWasm.cs(6,29): warning CS8618: Non-nullable property 'Server' must contain a non-null value when exiting constructor. Consider adding the 'required' modifier or declaring the property as nullable. [D:\users\tj\Projects\SpawnDev.RTC\SpawnDev.RTC\PlaywrightMultiTest\PlaywrightMultiTest.csproj]
D:\users\tj\Projects\SpawnDev.RTC\SpawnDev.RTC\PlaywrightMultiTest\TestableBlazorWasm.cs(7,24): warning CS8618: Non-nullable property 'Playwright' must contain a non-null value when exiting constructor. Consider adding the 'required' modifier or declaring the property as nullable. [D:\users\tj\Projects\SpawnDev.RTC\SpawnDev.RTC\PlaywrightMultiTest\PlaywrightMultiTest.csproj]
D:\users\tj\Projects\SpawnDev.RTC\SpawnDev.RTC\PlaywrightMultiTest\TestableBlazorWasm.cs(8,21): warning CS8618: Non-nullable property 'Browser' must contain a non-null value when exiting constructor. Consider adding the 'required' modifier or declaring the property as nullable. [D:\users\tj\Projects\SpawnDev.RTC\SpawnDev.RTC\PlaywrightMultiTest\PlaywrightMultiTest.csproj]
D:\users\tj\Projects\SpawnDev.RTC\SpawnDev.RTC\PlaywrightMultiTest\TestableBlazorWasm.cs(9,28): warning CS8618: Non-nullable property 'BrowserContext' must contain a non-null value when exiting constructor. Consider adding the 'required' modifier or declaring the property as nullable. [D:\users\tj\Projects\SpawnDev.RTC\SpawnDev.RTC\PlaywrightMultiTest\PlaywrightMultiTest.csproj]
D:\users\tj\Projects\SpawnDev.RTC\SpawnDev.RTC\PlaywrightMultiTest\TestableBlazorWasm.cs(10,18): warning CS8618: Non-nullable property 'Page' must contain a non-null value when exiting constructor. Consider adding the 'required' modifier or declaring the property as nullable. [D:\users\tj\Projects\SpawnDev.RTC\SpawnDev.RTC\PlaywrightMultiTest\PlaywrightMultiTest.csproj]
D:\users\tj\Projects\SpawnDev.RTC\SpawnDev.RTC\PlaywrightMultiTest\ProjectDiscovery.cs(256,19): warning CS8618: Non-nullable property 'Include' must contain a non-null value when exiting constructor. Consider adding the 'required' modifier or declaring the property as nullable. [D:\users\tj\Projects\SpawnDev.RTC\SpawnDev.RTC\PlaywrightMultiTest\PlaywrightMultiTest.csproj]
D:\users\tj\Projects\SpawnDev.RTC\SpawnDev.RTC\PlaywrightMultiTest\ProjectDiscovery.cs(260,19): warning CS8618: Non-nullable property 'Version' must contain a non-null value when exiting constructor. Consider adding the 'required' modifier or declaring the property as nullable. [D:\users\tj\Projects\SpawnDev.RTC\SpawnDev.RTC\PlaywrightMultiTest\PlaywrightMultiTest.csproj]
D:\users\tj\Projects\SpawnDev.RTC\SpawnDev.RTC\PlaywrightMultiTest\ProjectTest.cs(17,12): warning CS8618: Non-nullable property 'TestFunc' must contain a non-null value when exiting constructor. Consider adding the 'required' modifier or declaring the property as nullable. [D:\users\tj\Projects\SpawnDev.RTC\SpawnDev.RTC\PlaywrightMultiTest\PlaywrightMultiTest.csproj]
D:\users\tj\Projects\SpawnDev.RTC\SpawnDev.RTC\PlaywrightMultiTest\TestResultsWriter.cs(73,17): warning CS0219: The variable 'pending' is assigned but its value is never used [D:\users\tj\Projects\SpawnDev.RTC\SpawnDev.RTC\PlaywrightMultiTest\PlaywrightMultiTest.csproj]
D:\users\tj\Projects\SpawnDev.RTC\SpawnDev.RTC\PlaywrightMultiTest\ProjectDiscovery.cs(249,17): warning CS0219: The variable 'art' is assigned but its value is never used [D:\users\tj\Projects\SpawnDev.RTC\SpawnDev.RTC\PlaywrightMultiTest\PlaywrightMultiTest.csproj]
D:\users\tj\Projects\SpawnDev.RTC\SpawnDev.RTC\PlaywrightMultiTest\ProjectDiscovery.cs(251,13): warning CS0219: The variable 'nmt' is assigned but its value is never used [D:\users\tj\Projects\SpawnDev.RTC\SpawnDev.RTC\PlaywrightMultiTest\PlaywrightMultiTest.csproj]
D:\users\tj\Projects\SpawnDev.RTC\SpawnDev.RTC\PlaywrightMultiTest\ProjectTest.cs(82,38): warning CS8604: Possible null reference argument for parameter 'url' in 'Task<IResponse?> IPage.GotoAsync(string url, PageGotoOptions? options = null)'. [D:\users\tj\Projects\SpawnDev.RTC\SpawnDev.RTC\PlaywrightMultiTest\PlaywrightMultiTest.csproj]
D:\users\tj\Projects\SpawnDev.RTC\SpawnDev.RTC\PlaywrightMultiTest\ProjectRunner.cs(218,51): warning CS8601: Possible null reference assignment. [D:\users\tj\Projects\SpawnDev.RTC\SpawnDev.RTC\PlaywrightMultiTest\PlaywrightMultiTest.csproj]
D:\users\tj\Projects\SpawnDev.RTC\SpawnDev.RTC\PlaywrightMultiTest\ProjectRunner.cs(404,33): warning CS0219: The variable 'nmtt' is assigned but its value is never used [D:\users\tj\Projects\SpawnDev.RTC\SpawnDev.RTC\PlaywrightMultiTest\PlaywrightMultiTest.csproj]
D:\users\tj\Projects\SpawnDev.RTC\SpawnDev.RTC\PlaywrightMultiTest\ProjectRunner.cs(408,25): warning CS0219: The variable 'nmt11' is assigned but its value is never used [D:\users\tj\Projects\SpawnDev.RTC\SpawnDev.RTC\PlaywrightMultiTest\PlaywrightMultiTest.csproj]
D:\users\tj\Projects\SpawnDev.RTC\SpawnDev.RTC\PlaywrightMultiTest\ProjectRunner.cs(413,17): warning CS0219: The variable 'nmt' is assigned but its value is never used [D:\users\tj\Projects\SpawnDev.RTC\SpawnDev.RTC\PlaywrightMultiTest\PlaywrightMultiTest.csproj]
  PlaywrightMultiTest -> D:\users\tj\Projects\SpawnDev.RTC\SpawnDev.RTC\PlaywrightMultiTest\bin\Debug\net10.0\PlaywrightMultiTest.dll
Test run for D:\users\tj\Projects\SpawnDev.RTC\SpawnDev.RTC\PlaywrightMultiTest\bin\Debug\net10.0\PlaywrightMultiTest.dll (.NETCoreApp,Version=v10.0)
A total of 1 test files matched the specified pattern.

Passed!  - Failed:     0, Passed:    10, Skipped:     0, Total:    10, Duration: 3 s - PlaywrightMultiTest.dll (net10.0)
