  Determining projects to restore...
  All projects are up-to-date for restore.
  SIPSorceryMedia.Abstractions -> D:\users\tj\Projects\SpawnDev.RTC\SpawnDev.RTC\Src\sipsorcery\src\SIPSorceryMedia.Abstractions\bin\Debug\net10.0\SIPSorceryMedia.Abstractions.dll
  SIPSorcery -> D:\users\tj\Projects\SpawnDev.RTC\SpawnDev.RTC\Src\sipsorcery\src\SIPSorcery\bin\Debug\net10.0\SIPSorcery.dll
D:\users\tj\Projects\SpawnDev.RTC\SpawnDev.RTC\SpawnDev.RTC\Browser\BrowserRTCDataChannel.cs(118,33): warning CS8600: Converting null literal or possible null value to non-nullable type. [D:\users\tj\Projects\SpawnDev.RTC\SpawnDev.RTC\SpawnDev.RTC\SpawnDev.RTC.csproj]
D:\users\tj\Projects\SpawnDev.RTC\SpawnDev.RTC\SpawnDev.RTC\Browser\BrowserRTCDataChannel.cs(119,44): warning CS8604: Possible null reference argument for parameter 'obj' in 'void Action<byte[]>.Invoke(byte[] obj)'. [D:\users\tj\Projects\SpawnDev.RTC\SpawnDev.RTC\SpawnDev.RTC\SpawnDev.RTC.csproj]
D:\users\tj\Projects\SpawnDev.RTC\SpawnDev.RTC\SpawnDev.RTC\Desktop\DesktopRTCPeerConnection.cs(73,52): warning CS0067: The event 'DesktopRTCPeerConnection.OnIceCandidateError' is never used [D:\users\tj\Projects\SpawnDev.RTC\SpawnDev.RTC\SpawnDev.RTC\SpawnDev.RTC.csproj]
D:\users\tj\Projects\SpawnDev.RTC\SpawnDev.RTC\SpawnDev.RTC\Desktop\MultiMediaVideoSource.cs(49,52): warning CS0067: The event 'MultiMediaVideoSource.OnVideoSourceRawSampleFaster' is never used [D:\users\tj\Projects\SpawnDev.RTC\SpawnDev.RTC\SpawnDev.RTC\SpawnDev.RTC.csproj]
D:\users\tj\Projects\SpawnDev.RTC\SpawnDev.RTC\SpawnDev.RTC\Desktop\DesktopRTCDataChannel.cs(69,43): warning CS0067: The event 'DesktopRTCDataChannel.OnArrayBufferMessage' is never used [D:\users\tj\Projects\SpawnDev.RTC\SpawnDev.RTC\SpawnDev.RTC\SpawnDev.RTC.csproj]
D:\users\tj\Projects\SpawnDev.RTC\SpawnDev.RTC\SpawnDev.RTC\Desktop\DesktopRTCTransport.cs(9,38): warning CS0067: The event 'DesktopRTCDtlsTransport.OnError' is never used [D:\users\tj\Projects\SpawnDev.RTC\SpawnDev.RTC\SpawnDev.RTC\SpawnDev.RTC.csproj]
D:\users\tj\Projects\SpawnDev.RTC\SpawnDev.RTC\SpawnDev.RTC\Desktop\MultiMediaAudioSource.cs(38,46): warning CS0067: The event 'MultiMediaAudioSource.OnAudioSourceRawSample' is never used [D:\users\tj\Projects\SpawnDev.RTC\SpawnDev.RTC\SpawnDev.RTC\SpawnDev.RTC.csproj]
D:\users\tj\Projects\SpawnDev.RTC\SpawnDev.RTC\SpawnDev.RTC\Desktop\DesktopRTCMediaStreamTrack.cs(31,30): warning CS0067: The event 'DesktopRTCMediaStreamTrack.OnMute' is never used [D:\users\tj\Projects\SpawnDev.RTC\SpawnDev.RTC\SpawnDev.RTC\SpawnDev.RTC.csproj]
D:\users\tj\Projects\SpawnDev.RTC\SpawnDev.RTC\SpawnDev.RTC\Browser\BrowserRTCMediaStreamTrack.cs(28,30): warning CS0067: The event 'BrowserRTCMediaStreamTrack.OnUnmute' is never used [D:\users\tj\Projects\SpawnDev.RTC\SpawnDev.RTC\SpawnDev.RTC\SpawnDev.RTC.csproj]
D:\users\tj\Projects\SpawnDev.RTC\SpawnDev.RTC\SpawnDev.RTC\Desktop\DesktopRTCTransport.cs(8,38): warning CS0067: The event 'DesktopRTCDtlsTransport.OnStateChange' is never used [D:\users\tj\Projects\SpawnDev.RTC\SpawnDev.RTC\SpawnDev.RTC\SpawnDev.RTC.csproj]
D:\users\tj\Projects\SpawnDev.RTC\SpawnDev.RTC\SpawnDev.RTC\Desktop\MultiMediaVideoSource.cs(48,46): warning CS0067: The event 'MultiMediaVideoSource.OnVideoSourceRawSample' is never used [D:\users\tj\Projects\SpawnDev.RTC\SpawnDev.RTC\SpawnDev.RTC\SpawnDev.RTC.csproj]
D:\users\tj\Projects\SpawnDev.RTC\SpawnDev.RTC\SpawnDev.RTC\Desktop\MultiMediaAudioSource.cs(37,49): warning CS0067: The event 'MultiMediaAudioSource.OnAudioSourceEncodedFrameReady' is never used [D:\users\tj\Projects\SpawnDev.RTC\SpawnDev.RTC\SpawnDev.RTC\SpawnDev.RTC.csproj]
D:\users\tj\Projects\SpawnDev.RTC\SpawnDev.RTC\SpawnDev.RTC\Desktop\DesktopRTCDataChannel.cs(65,30): warning CS0067: The event 'DesktopRTCDataChannel.OnClosing' is never used [D:\users\tj\Projects\SpawnDev.RTC\SpawnDev.RTC\SpawnDev.RTC\SpawnDev.RTC.csproj]
D:\users\tj\Projects\SpawnDev.RTC\SpawnDev.RTC\SpawnDev.RTC\Desktop\DesktopRTCMediaStreamTrack.cs(32,30): warning CS0067: The event 'DesktopRTCMediaStreamTrack.OnUnmute' is never used [D:\users\tj\Projects\SpawnDev.RTC\SpawnDev.RTC\SpawnDev.RTC\SpawnDev.RTC.csproj]
D:\users\tj\Projects\SpawnDev.RTC\SpawnDev.RTC\SpawnDev.RTC\Browser\BrowserRTCStatsReport.cs(10,55): warning CS1574: XML comment has cref attribute 'Stringify(object)' that could not be resolved [D:\users\tj\Projects\SpawnDev.RTC\SpawnDev.RTC\SpawnDev.RTC\SpawnDev.RTC.csproj]
D:\users\tj\Projects\SpawnDev.RTC\SpawnDev.RTC\SpawnDev.RTC\Desktop\DesktopRTCPeerConnection.cs(352,24): warning CS1574: XML comment has cref attribute 'AudioEncoder' that could not be resolved [D:\users\tj\Projects\SpawnDev.RTC\SpawnDev.RTC\SpawnDev.RTC\SpawnDev.RTC.csproj]
D:\users\tj\Projects\SpawnDev.RTC\SpawnDev.RTC\SpawnDev.RTC\Desktop\DesktopRTCPeerConnection.cs(14,70): warning CA1416: This call site is reachable on all platforms. 'MultiMediaVideoSource' is only supported on: 'windows'. (https://learn.microsoft.com/dotnet/fundamentals/code-analysis/quality-rules/ca1416) [D:\users\tj\Projects\SpawnDev.RTC\SpawnDev.RTC\SpawnDev.RTC\SpawnDev.RTC.csproj]
D:\users\tj\Projects\SpawnDev.RTC\SpawnDev.RTC\SpawnDev.RTC\Desktop\DesktopRTCPeerConnection.cs(546,23): warning CA1416: This call site is reachable on all platforms. 'MultiMediaVideoSource.Dispose()' is only supported on: 'windows'. (https://learn.microsoft.com/dotnet/fundamentals/code-analysis/quality-rules/ca1416) [D:\users\tj\Projects\SpawnDev.RTC\SpawnDev.RTC\SpawnDev.RTC\SpawnDev.RTC.csproj]
D:\users\tj\Projects\SpawnDev.RTC\SpawnDev.RTC\SpawnDev.RTC\Desktop\DesktopRTCPeerConnection.cs(548,13): warning CA1416: This call site is reachable on all platforms. 'MultiMediaVideoSource' is only supported on: 'windows'. (https://learn.microsoft.com/dotnet/fundamentals/code-analysis/quality-rules/ca1416) [D:\users\tj\Projects\SpawnDev.RTC\SpawnDev.RTC\SpawnDev.RTC\SpawnDev.RTC.csproj]
  SpawnDev.RTC -> D:\users\tj\Projects\SpawnDev.RTC\SpawnDev.RTC\SpawnDev.RTC\bin\Debug\net10.0\SpawnDev.RTC.dll
  Successfully created package 'D:\users\tj\Projects\SpawnDev.RTC\SpawnDev.RTC\SpawnDev.RTC\bin\Debug\SpawnDev.RTC.2.0.3.nupkg'.
D:\users\tj\Projects\SpawnDev.RTC\SpawnDev.RTC\SpawnDev.RTC.Server\TrackerSignalingServer.cs(105,67): warning CS0419: Ambiguous reference in cref attribute: 'Extensions.SignalingAppBuilderExtensions.UseRtcSignaling'. Assuming 'SpawnDev.RTC.Server.Extensions.SignalingAppBuilderExtensions.UseRtcSignaling(Microsoft.AspNetCore.Builder.IApplicationBuilder, string, SpawnDev.RTC.Server.TrackerServerOptions?)', but could have also matched other overloads including 'SpawnDev.RTC.Server.Extensions.SignalingAppBuilderExtensions.UseRtcSignaling(Microsoft.AspNetCore.Builder.IApplicationBuilder, string, SpawnDev.RTC.Server.TrackerSignalingServer)'. [D:\users\tj\Projects\SpawnDev.RTC\SpawnDev.RTC\SpawnDev.RTC.Server\SpawnDev.RTC.Server.csproj]
  SpawnDev.RTC.Server -> D:\users\tj\Projects\SpawnDev.RTC\SpawnDev.RTC\SpawnDev.RTC.Server\bin\Debug\net10.0\SpawnDev.RTC.Server.dll
  Successfully created package 'D:\users\tj\Projects\SpawnDev.RTC\SpawnDev.RTC\SpawnDev.RTC.Server\bin\Debug\SpawnDev.RTC.Server.2.0.3.nupkg'.
D:\users\tj\Projects\SpawnDev.RTC\SpawnDev.RTC\PlaywrightMultiTest\TestableConsole.cs(3,19): warning CS8618: Non-nullable property 'ExePath' must contain a non-null value when exiting constructor. Consider adding the 'required' modifier or declaring the property as nullable. [D:\users\tj\Projects\SpawnDev.RTC\SpawnDev.RTC\PlaywrightMultiTest\PlaywrightMultiTest.csproj]
D:\users\tj\Projects\SpawnDev.RTC\SpawnDev.RTC\PlaywrightMultiTest\TestableProject.cs(5,27): warning CS8618: Non-nullable property 'ProjectDetails' must contain a non-null value when exiting constructor. Consider adding the 'required' modifier or declaring the property as nullable. [D:\users\tj\Projects\SpawnDev.RTC\SpawnDev.RTC\PlaywrightMultiTest\PlaywrightMultiTest.csproj]
D:\users\tj\Projects\SpawnDev.RTC\SpawnDev.RTC\PlaywrightMultiTest\TestableBlazorWasm.cs(6,29): warning CS8618: Non-nullable property 'Server' must contain a non-null value when exiting constructor. Consider adding the 'required' modifier or declaring the property as nullable. [D:\users\tj\Projects\SpawnDev.RTC\SpawnDev.RTC\PlaywrightMultiTest\PlaywrightMultiTest.csproj]
D:\users\tj\Projects\SpawnDev.RTC\SpawnDev.RTC\PlaywrightMultiTest\TestableBlazorWasm.cs(7,24): warning CS8618: Non-nullable property 'Playwright' must contain a non-null value when exiting constructor. Consider adding the 'required' modifier or declaring the property as nullable. [D:\users\tj\Projects\SpawnDev.RTC\SpawnDev.RTC\PlaywrightMultiTest\PlaywrightMultiTest.csproj]
D:\users\tj\Projects\SpawnDev.RTC\SpawnDev.RTC\PlaywrightMultiTest\TestableBlazorWasm.cs(8,21): warning CS8618: Non-nullable property 'Browser' must contain a non-null value when exiting constructor. Consider adding the 'required' modifier or declaring the property as nullable. [D:\users\tj\Projects\SpawnDev.RTC\SpawnDev.RTC\PlaywrightMultiTest\PlaywrightMultiTest.csproj]
D:\users\tj\Projects\SpawnDev.RTC\SpawnDev.RTC\PlaywrightMultiTest\TestableBlazorWasm.cs(9,28): warning CS8618: Non-nullable property 'BrowserContext' must contain a non-null value when exiting constructor. Consider adding the 'required' modifier or declaring the property as nullable. [D:\users\tj\Projects\SpawnDev.RTC\SpawnDev.RTC\PlaywrightMultiTest\PlaywrightMultiTest.csproj]
D:\users\tj\Projects\SpawnDev.RTC\SpawnDev.RTC\PlaywrightMultiTest\TestableBlazorWasm.cs(10,18): warning CS8618: Non-nullable property 'Page' must contain a non-null value when exiting constructor. Consider adding the 'required' modifier or declaring the property as nullable. [D:\users\tj\Projects\SpawnDev.RTC\SpawnDev.RTC\PlaywrightMultiTest\PlaywrightMultiTest.csproj]
D:\users\tj\Projects\SpawnDev.RTC\SpawnDev.RTC\PlaywrightMultiTest\ProjectTest.cs(17,12): warning CS8618: Non-nullable property 'TestFunc' must contain a non-null value when exiting constructor. Consider adding the 'required' modifier or declaring the property as nullable. [D:\users\tj\Projects\SpawnDev.RTC\SpawnDev.RTC\PlaywrightMultiTest\PlaywrightMultiTest.csproj]
D:\users\tj\Projects\SpawnDev.RTC\SpawnDev.RTC\PlaywrightMultiTest\ProjectDiscovery.cs(256,19): warning CS8618: Non-nullable property 'Include' must contain a non-null value when exiting constructor. Consider adding the 'required' modifier or declaring the property as nullable. [D:\users\tj\Projects\SpawnDev.RTC\SpawnDev.RTC\PlaywrightMultiTest\PlaywrightMultiTest.csproj]
D:\users\tj\Projects\SpawnDev.RTC\SpawnDev.RTC\PlaywrightMultiTest\ProjectDiscovery.cs(260,19): warning CS8618: Non-nullable property 'Version' must contain a non-null value when exiting constructor. Consider adding the 'required' modifier or declaring the property as nullable. [D:\users\tj\Projects\SpawnDev.RTC\SpawnDev.RTC\PlaywrightMultiTest\PlaywrightMultiTest.csproj]
D:\users\tj\Projects\SpawnDev.RTC\SpawnDev.RTC\PlaywrightMultiTest\ProjectDiscovery.cs(249,17): warning CS0219: The variable 'art' is assigned but its value is never used [D:\users\tj\Projects\SpawnDev.RTC\SpawnDev.RTC\PlaywrightMultiTest\PlaywrightMultiTest.csproj]
D:\users\tj\Projects\SpawnDev.RTC\SpawnDev.RTC\PlaywrightMultiTest\ProjectDiscovery.cs(251,13): warning CS0219: The variable 'nmt' is assigned but its value is never used [D:\users\tj\Projects\SpawnDev.RTC\SpawnDev.RTC\PlaywrightMultiTest\PlaywrightMultiTest.csproj]
D:\users\tj\Projects\SpawnDev.RTC\SpawnDev.RTC\PlaywrightMultiTest\TestResultsWriter.cs(73,17): warning CS0219: The variable 'pending' is assigned but its value is never used [D:\users\tj\Projects\SpawnDev.RTC\SpawnDev.RTC\PlaywrightMultiTest\PlaywrightMultiTest.csproj]
D:\users\tj\Projects\SpawnDev.RTC\SpawnDev.RTC\PlaywrightMultiTest\ProjectTest.cs(82,38): warning CS8604: Possible null reference argument for parameter 'url' in 'Task<IResponse?> IPage.GotoAsync(string url, PageGotoOptions? options = null)'. [D:\users\tj\Projects\SpawnDev.RTC\SpawnDev.RTC\PlaywrightMultiTest\PlaywrightMultiTest.csproj]
D:\users\tj\Projects\SpawnDev.RTC\SpawnDev.RTC\PlaywrightMultiTest\ProjectRunner.cs(218,51): warning CS8601: Possible null reference assignment. [D:\users\tj\Projects\SpawnDev.RTC\SpawnDev.RTC\PlaywrightMultiTest\PlaywrightMultiTest.csproj]
D:\users\tj\Projects\SpawnDev.RTC\SpawnDev.RTC\PlaywrightMultiTest\ProjectRunner.cs(404,33): warning CS0219: The variable 'nmtt' is assigned but its value is never used [D:\users\tj\Projects\SpawnDev.RTC\SpawnDev.RTC\PlaywrightMultiTest\PlaywrightMultiTest.csproj]
D:\users\tj\Projects\SpawnDev.RTC\SpawnDev.RTC\PlaywrightMultiTest\ProjectRunner.cs(408,25): warning CS0219: The variable 'nmt11' is assigned but its value is never used [D:\users\tj\Projects\SpawnDev.RTC\SpawnDev.RTC\PlaywrightMultiTest\PlaywrightMultiTest.csproj]
D:\users\tj\Projects\SpawnDev.RTC\SpawnDev.RTC\PlaywrightMultiTest\ProjectRunner.cs(413,17): warning CS0219: The variable 'nmt' is assigned but its value is never used [D:\users\tj\Projects\SpawnDev.RTC\SpawnDev.RTC\PlaywrightMultiTest\PlaywrightMultiTest.csproj]
  PlaywrightMultiTest -> D:\users\tj\Projects\SpawnDev.RTC\SpawnDev.RTC\PlaywrightMultiTest\bin\Debug\net10.0\PlaywrightMultiTest.dll
Test run for D:\users\tj\Projects\SpawnDev.RTC\SpawnDev.RTC\PlaywrightMultiTest\bin\Debug\net10.0\PlaywrightMultiTest.dll (.NETCoreApp,Version=v10.0)
A total of 1 test files matched the specified pattern.
  Failed WasmRTCTests.ChatDemo_TextChat_RoundTrips_BetweenTwoIframes [1 m]
  Error Message:
   System.Exception : Test WasmRTCTests.ChatDemo_TextChat_RoundTrips_BetweenTwoIframes failed with error: System.Exception: GetMarshaller failed: Nullable<Int64>
   at SpawnDev.SpawnJS.SpawnJSRuntime.GetMarshaller[Nullable`1]()
   at SpawnDev.SpawnJS.SpawnJSRuntime._InteropCallApply[Nullable`1](Int32 , SpawnJSObjectReference )
   at SpawnDev.SpawnJS.SpawnJSRuntime._InteropCallApply[Nullable`1](String , SpawnJSObjectReference )
   at SpawnDev.SpawnJS.SpawnJSRuntime.InteropCall[Double,String,Nullable`1](String , Double , String )
   at SpawnDev.SpawnJS.SpawnJSObjectReference.Get[Nullable`1](String )
   at SpawnDev.RTC.Demo.UnitTests.WasmRTCTests.<>c__DisplayClass4_0.<ChatDemo_TextChat_RoundTrips_BetweenTwoIframes>g__Ph|1(String id)
   at SpawnDev.RTC.Demo.UnitTests.WasmRTCTests.<>c__DisplayClass4_0.<ChatDemo_TextChat_RoundTrips_BetweenTwoIframes>g__Diag|2()
   at SpawnDev.RTC.Demo.UnitTests.WasmRTCTests.WaitFor(Func`1 predicate, Int32 timeoutSeconds, String label, Func`1 diagDump)
   at SpawnDev.RTC.Demo.UnitTests.WasmRTCTests.ChatDemo_TextChat_RoundTrips_BetweenTwoIframes()
   at SpawnDev.UnitTesting.UnitTestRunner.RunTest(UnitTest test)
  Stack Trace:
     at ProjectTest.RunTest(IPage page) in D:\users\tj\Projects\SpawnDev.RTC\SpawnDev.RTC\PlaywrightMultiTest\ProjectTest.cs:line 203
   at PlaywrightMultiTest.Tests.RunTest(ProjectTest test) in D:\users\tj\Projects\SpawnDev.RTC\SpawnDev.RTC\PlaywrightMultiTest\UnitTest1.cs:line 27
   at NUnit.Framework.Internal.TaskAwaitAdapter.GenericAdapter`1.BlockUntilCompleted()
   at NUnit.Framework.Internal.MessagePumpStrategy.NoMessagePumpStrategy.WaitForCompletion(AwaitAdapter awaiter)
   at NUnit.Framework.Internal.AsyncToSyncAdapter.Await[TResult](TestExecutionContext context, Func`1 invoke)
   at NUnit.Framework.Internal.AsyncToSyncAdapter.Await(TestExecutionContext context, Func`1 invoke)
   at NUnit.Framework.Internal.Commands.TestMethodCommand.RunTestMethod(TestExecutionContext context)
   at NUnit.Framework.Internal.Commands.TestMethodCommand.Execute(TestExecutionContext context)
   at NUnit.Framework.Internal.Commands.BeforeAndAfterTestCommand.<>c__DisplayClass1_0.<Execute>b__0()
   at NUnit.Framework.Internal.Commands.DelegatingTestCommand.RunTestMethodInThreadAbortSafeZone(TestExecutionContext context, Action action)

  Failed WasmRTCTests.GetStats_CandidatePair_Browser [216 ms]
  Error Message:
   System.Exception : Test WasmRTCTests.GetStats_CandidatePair_Browser failed with error: System.Exception: No stats entries
   at SpawnDev.RTC.Demo.Shared.UnitTests.RTCTestBase.GetStats_CandidatePair_Browser()
   at SpawnDev.UnitTesting.UnitTestRunner.RunTest(UnitTest test)
  Stack Trace:
     at ProjectTest.RunTest(IPage page) in D:\users\tj\Projects\SpawnDev.RTC\SpawnDev.RTC\PlaywrightMultiTest\ProjectTest.cs:line 203
   at PlaywrightMultiTest.Tests.RunTest(ProjectTest test) in D:\users\tj\Projects\SpawnDev.RTC\SpawnDev.RTC\PlaywrightMultiTest\UnitTest1.cs:line 27
   at NUnit.Framework.Internal.AsyncToSyncAdapter.Await(TestExecutionContext context, Func`1 invoke)
   at NUnit.Framework.Internal.Commands.TestMethodCommand.RunTestMethod(TestExecutionContext context)
   at NUnit.Framework.Internal.Commands.TestMethodCommand.Execute(TestExecutionContext context)
   at NUnit.Framework.Internal.Commands.BeforeAndAfterTestCommand.<>c__DisplayClass1_0.<Execute>b__0()
   at NUnit.Framework.Internal.Commands.DelegatingTestCommand.RunTestMethodInThreadAbortSafeZone(TestExecutionContext context, Action action)

  Failed WasmRTCTests.PeerConnection_GetStats [216 ms]
  Error Message:
   System.Exception : Test WasmRTCTests.PeerConnection_GetStats failed with error: System.Exception: No peer-connection entry. Types found: 
   at SpawnDev.RTC.Demo.Shared.UnitTests.RTCTestBase.PeerConnection_GetStats()
   at SpawnDev.UnitTesting.UnitTestRunner.RunTest(UnitTest test)
  Stack Trace:
     at ProjectTest.RunTest(IPage page) in D:\users\tj\Projects\SpawnDev.RTC\SpawnDev.RTC\PlaywrightMultiTest\ProjectTest.cs:line 203
   at PlaywrightMultiTest.Tests.RunTest(ProjectTest test) in D:\users\tj\Projects\SpawnDev.RTC\SpawnDev.RTC\PlaywrightMultiTest\UnitTest1.cs:line 27
   at NUnit.Framework.Internal.AsyncToSyncAdapter.Await(TestExecutionContext context, Func`1 invoke)
   at NUnit.Framework.Internal.Commands.TestMethodCommand.RunTestMethod(TestExecutionContext context)
   at NUnit.Framework.Internal.Commands.TestMethodCommand.Execute(TestExecutionContext context)
   at NUnit.Framework.Internal.Commands.BeforeAndAfterTestCommand.<>c__DisplayClass1_0.<Execute>b__0()
   at NUnit.Framework.Internal.Commands.DelegatingTestCommand.RunTestMethodInThreadAbortSafeZone(TestExecutionContext context, Action action)

  Failed WasmRTCTests.MediaStreamTrack_GetSettings_HasValues [222 ms]
  Error Message:
   System.Exception : Test WasmRTCTests.MediaStreamTrack_GetSettings_HasValues failed with error: System.Exception: GetMarshaller failed: Nullable<UInt32>
   at SpawnDev.SpawnJS.SpawnJSRuntime.GetMarshaller[Nullable`1]()
   at SpawnDev.SpawnJS.SpawnJSRuntime._InteropCallApply[Nullable`1](Int32 , SpawnJSObjectReference )
   at SpawnDev.SpawnJS.SpawnJSRuntime._InteropCallApply[Nullable`1](String , SpawnJSObjectReference )
   at SpawnDev.SpawnJS.SpawnJSRuntime.InteropCall[Double,String,Nullable`1](String , Double , String )
   at SpawnDev.SpawnJS.SpawnJSObjectReference.Get[Nullable`1](String )
   at SpawnDev.SpawnJS.Marshallers.PocoMarshaller`1.<>c__DisplayClass2_0[[SpawnDev.SpawnJS.JSObjects.MediaTrackSettings, SpawnDev.SpawnJS, Version=2.0.10.0, Culture=neutral, PublicKeyToken=null]].<JSToNet>g__readTyped|0[Nullable`1](String key)
   at System.Reflection.MethodInvoker.InterpretedInvoke_Method(Object obj, IntPtr* args)
   at System.Reflection.MethodInvoker.InvokeDirectByRefWithFewArgs(Object , Span`1 )
   at System.Reflection.MethodInvoker.InvokeDirectByRef(Object , Object , Object , Object , Object )
   at System.Reflection.MethodInvoker.InvokeImpl(Object , Object , Object , Object , Object )
   at System.Reflection.MethodInvoker.Invoke(Object , Span`1 )
   at SpawnDev.SpawnJS.Marshaller.DelegateExtensions.InvokeGeneric(Delegate , Type , Object[] )
   at SpawnDev.SpawnJS.Marshallers.PocoMarshaller`1[[SpawnDev.SpawnJS.JSObjects.MediaTrackSettings, SpawnDev.SpawnJS, Version=2.0.10.0, Culture=neutral, PublicKeyToken=null]].JSToNet(SpawnJSObjectReference )
   at SpawnDev.SpawnJS.SpawnJSRuntime._InteropCallApply[MediaTrackSettings](Int32 , SpawnJSObjectReference )
   at SpawnDev.SpawnJS.SpawnJSRuntime._InteropCallApply[MediaTrackSettings](String , SpawnJSObjectReference )
   at SpawnDev.SpawnJS.SpawnJSRuntime.InteropCall[Double,String,MediaTrackSettings](String , Double , String )
   at SpawnDev.SpawnJS.SpawnJSObjectReference.Call[MediaTrackSettings](String )
   at SpawnDev.SpawnJS.JSObjects.MediaStreamTrack.GetSettings()
   at SpawnDev.RTC.Browser.BrowserRTCMediaStreamTrack.GetSettings()
   at SpawnDev.RTC.Demo.Shared.UnitTests.RTCTestBase.MediaStreamTrack_GetSettings_HasValues()
   at SpawnDev.UnitTesting.UnitTestRunner.RunTest(UnitTest test)
  Stack Trace:
     at ProjectTest.RunTest(IPage page) in D:\users\tj\Projects\SpawnDev.RTC\SpawnDev.RTC\PlaywrightMultiTest\ProjectTest.cs:line 203
   at PlaywrightMultiTest.Tests.RunTest(ProjectTest test) in D:\users\tj\Projects\SpawnDev.RTC\SpawnDev.RTC\PlaywrightMultiTest\UnitTest1.cs:line 27
   at NUnit.Framework.Internal.AsyncToSyncAdapter.Await(TestExecutionContext context, Func`1 invoke)
   at NUnit.Framework.Internal.Commands.TestMethodCommand.RunTestMethod(TestExecutionContext context)
   at NUnit.Framework.Internal.Commands.TestMethodCommand.Execute(TestExecutionContext context)
   at NUnit.Framework.Internal.Commands.BeforeAndAfterTestCommand.<>c__DisplayClass1_0.<Execute>b__0()
   at NUnit.Framework.Internal.Commands.DelegatingTestCommand.RunTestMethodInThreadAbortSafeZone(TestExecutionContext context, Action action)

[WasmRTCTests.TrackerSignalingClient_Properties] Console: 0 error(s), 1 warning(s)
  WARN: WebSocket connection to 'wss://tracker.openwebtorrent.com/' failed: WebSocket is closed before the connection is established.
  Failed WasmRTCTests.RtpSender_GetParameters_ReturnsValidShape [131 ms]
  Error Message:
   System.Exception : Test WasmRTCTests.RtpSender_GetParameters_ReturnsValidShape failed with error: System.Exception: GetMarshaller failed: Nullable<UInt32>
   at SpawnDev.SpawnJS.SpawnJSRuntime.GetMarshaller[Nullable`1]()
   at SpawnDev.SpawnJS.SpawnJSRuntime._InteropCallApply[Nullable`1](Int32 , SpawnJSObjectReference )
   at SpawnDev.SpawnJS.SpawnJSRuntime._InteropCallApply[Nullable`1](String , SpawnJSObjectReference )
   at SpawnDev.SpawnJS.SpawnJSRuntime.InteropCall[Double,String,Nullable`1](String , Double , String )
   at SpawnDev.SpawnJS.SpawnJSObjectReference.Get[Nullable`1](String )
   at SpawnDev.SpawnJS.Marshallers.PocoMarshaller`1.<>c__DisplayClass2_0[[SpawnDev.SpawnJS.JSObjects.RTCRtpEncodingParameters, SpawnDev.SpawnJS, Version=2.0.10.0, Culture=neutral, PublicKeyToken=null]].<JSToNet>g__readTyped|0[Nullable`1](String key)
   at System.Reflection.MethodInvoker.InterpretedInvoke_Method(Object obj, IntPtr* args)
   at System.Reflection.MethodInvoker.InvokeDirectByRefWithFewArgs(Object , Span`1 )
   at System.Reflection.MethodInvoker.InvokeDirectByRef(Object , Object , Object , Object , Object )
   at System.Reflection.MethodInvoker.InvokeImpl(Object , Object , Object , Object , Object )
   at System.Reflection.MethodInvoker.Invoke(Object , Span`1 )
   at SpawnDev.SpawnJS.Marshaller.DelegateExtensions.InvokeGeneric(Delegate , Type , Object[] )
   at SpawnDev.SpawnJS.Marshallers.PocoMarshaller`1[[SpawnDev.SpawnJS.JSObjects.RTCRtpEncodingParameters, SpawnDev.SpawnJS, Version=2.0.10.0, Culture=neutral, PublicKeyToken=null]].JSToNet(SpawnJSObjectReference )
   at SpawnDev.SpawnJS.SpawnJSRuntime._InteropCallApply[RTCRtpEncodingParameters](Int32 , SpawnJSObjectReference )
   at SpawnDev.SpawnJS.SpawnJSRuntime._InteropCallApply[RTCRtpEncodingParameters](String , SpawnJSObjectReference )
   at SpawnDev.SpawnJS.SpawnJSRuntime.InteropCall[Double,Int32,RTCRtpEncodingParameters](String , Double , Int32 )
   at SpawnDev.SpawnJS.SpawnJSObjectReference.Get[RTCRtpEncodingParameters](Int32 )
   at SpawnDev.SpawnJS.Marshallers.ArrayMarshaller`1[[SpawnDev.SpawnJS.JSObjects.RTCRtpEncodingParameters, SpawnDev.SpawnJS, Version=2.0.10.0, Culture=neutral, PublicKeyToken=null]].JSToNet(SpawnJSObjectReference )
   at SpawnDev.SpawnJS.SpawnJSRuntime._InteropCallApply[RTCRtpEncodingParameters[]](Int32 , SpawnJSObjectReference )
   at SpawnDev.SpawnJS.SpawnJSRuntime._InteropCallApply[RTCRtpEncodingParameters[]](String , SpawnJSObjectReference )
   at SpawnDev.SpawnJS.SpawnJSRuntime.InteropCall[Double,String,RTCRtpEncodingParameters[]](String , Double , String )
   at SpawnDev.SpawnJS.SpawnJSObjectReference.Get[RTCRtpEncodingParameters[]](String )
   at SpawnDev.SpawnJS.Marshallers.PocoMarshaller`1.<>c__DisplayClass2_0[[SpawnDev.SpawnJS.JSObjects.RTCRtpSendParameters, SpawnDev.SpawnJS, Version=2.0.10.0, Culture=neutral, PublicKeyToken=null]].<JSToNet>g__readTyped|0[RTCRtpEncodingParameters[]](String key)
   at System.Reflection.MethodInvoker.InterpretedInvoke_Method(Object obj, IntPtr* args)
   at System.Reflection.MethodInvoker.InvokeDirectByRefWithFewArgs(Object , Span`1 )
   at System.Reflection.MethodInvoker.InvokeDirectByRef(Object , Object , Object , Object , Object )
   at System.Reflection.MethodInvoker.InvokeImpl(Object , Object , Object , Object , Object )
   at System.Reflection.MethodInvoker.Invoke(Object , Span`1 )
   at SpawnDev.SpawnJS.Marshaller.DelegateExtensions.InvokeGeneric(Delegate , Type , Object[] )
   at SpawnDev.SpawnJS.Marshallers.PocoMarshaller`1[[SpawnDev.SpawnJS.JSObjects.RTCRtpSendParameters, SpawnDev.SpawnJS, Version=2.0.10.0, Culture=neutral, PublicKeyToken=null]].JSToNet(SpawnJSObjectReference )
   at SpawnDev.SpawnJS.SpawnJSRuntime._InteropCallApply[RTCRtpSendParameters](Int32 , SpawnJSObjectReference )
   at SpawnDev.SpawnJS.SpawnJSRuntime._InteropCallApply[RTCRtpSendParameters](String , SpawnJSObjectReference )
   at SpawnDev.SpawnJS.SpawnJSRuntime.InteropCall[Double,String,RTCRtpSendParameters](String , Double , String )
   at SpawnDev.SpawnJS.SpawnJSObjectReference.Call[RTCRtpSendParameters](String )
   at SpawnDev.SpawnJS.JSObjects.RTCRtpSender.GetParameters()
   at SpawnDev.RTC.Browser.BrowserRtpSender.GetParameters()
   at SpawnDev.RTC.Demo.Shared.UnitTests.RTCTestBase.RtpSender_GetParameters_ReturnsValidShape()
   at SpawnDev.UnitTesting.UnitTestRunner.RunTest(UnitTest test)
  Stack Trace:
     at ProjectTest.RunTest(IPage page) in D:\users\tj\Projects\SpawnDev.RTC\SpawnDev.RTC\PlaywrightMultiTest\ProjectTest.cs:line 203
   at PlaywrightMultiTest.Tests.RunTest(ProjectTest test) in D:\users\tj\Projects\SpawnDev.RTC\SpawnDev.RTC\PlaywrightMultiTest\UnitTest1.cs:line 27
   at NUnit.Framework.Internal.Commands.TestMethodCommand.Execute(TestExecutionContext context)
   at NUnit.Framework.Internal.Commands.BeforeAndAfterTestCommand.<>c__DisplayClass1_0.<Execute>b__0()
   at NUnit.Framework.Internal.Commands.DelegatingTestCommand.RunTestMethodInThreadAbortSafeZone(TestExecutionContext context, Action action)

  Failed WasmRTCTests.RtpSender_SetParameters_TransactionIdRoundTrip_Succeeds [230 ms]
  Error Message:
   System.Exception : Test WasmRTCTests.RtpSender_SetParameters_TransactionIdRoundTrip_Succeeds failed with error: System.Exception: GetMarshaller failed: Nullable<UInt32>
   at SpawnDev.SpawnJS.SpawnJSRuntime.GetMarshaller[Nullable`1]()
   at SpawnDev.SpawnJS.SpawnJSRuntime._InteropCallApply[Nullable`1](Int32 , SpawnJSObjectReference )
   at SpawnDev.SpawnJS.SpawnJSRuntime._InteropCallApply[Nullable`1](String , SpawnJSObjectReference )
   at SpawnDev.SpawnJS.SpawnJSRuntime.InteropCall[Double,String,Nullable`1](String , Double , String )
   at System.Object.InvokeStub_<>c__DisplayClass2_0.<JSToNet>g__readTyped|0(Object , Object , Object , Object , Object )
   at System.Reflection.MethodInvoker.InvokeImpl(Object , Object , Object , Object , Object )
   at System.Reflection.MethodInvoker.Invoke(Object , Span`1 )
   at SpawnDev.SpawnJS.Marshaller.DelegateExtensions.InvokeGeneric(Delegate , Type , Object[] )
   at SpawnDev.SpawnJS.Marshallers.PocoMarshaller`1[[SpawnDev.SpawnJS.JSObjects.RTCRtpEncodingParameters, SpawnDev.SpawnJS, Version=2.0.10.0, Culture=neutral, PublicKeyToken=null]].JSToNet(SpawnJSObjectReference )
   at SpawnDev.SpawnJS.SpawnJSRuntime._InteropCallApply[RTCRtpEncodingParameters](Int32 , SpawnJSObjectReference )
   at SpawnDev.SpawnJS.SpawnJSRuntime._InteropCallApply[RTCRtpEncodingParameters](String , SpawnJSObjectReference )
   at SpawnDev.SpawnJS.SpawnJSRuntime.InteropCall[Double,Int32,RTCRtpEncodingParameters](String , Double , Int32 )
   at SpawnDev.SpawnJS.SpawnJSObjectReference.Get[RTCRtpEncodingParameters](Int32 )
   at SpawnDev.SpawnJS.Marshallers.ArrayMarshaller`1[[SpawnDev.SpawnJS.JSObjects.RTCRtpEncodingParameters, SpawnDev.SpawnJS, Version=2.0.10.0, Culture=neutral, PublicKeyToken=null]].JSToNet(SpawnJSObjectReference )
   at SpawnDev.SpawnJS.SpawnJSRuntime._InteropCallApply[RTCRtpEncodingParameters[]](Int32 , SpawnJSObjectReference )
   at SpawnDev.SpawnJS.SpawnJSRuntime._InteropCallApply[RTCRtpEncodingParameters[]](String , SpawnJSObjectReference )
   at SpawnDev.SpawnJS.SpawnJSRuntime.InteropCall[Double,String,RTCRtpEncodingParameters[]](String , Double , String )
   at System.Object.InvokeStub_<>c__DisplayClass2_0.<JSToNet>g__readTyped|0(Object , Object , Object , Object , Object )
   at System.Reflection.MethodInvoker.InvokeImpl(Object , Object , Object , Object , Object )
   at System.Reflection.MethodInvoker.Invoke(Object , Span`1 )
   at SpawnDev.SpawnJS.Marshaller.DelegateExtensions.InvokeGeneric(Delegate , Type , Object[] )
   at SpawnDev.SpawnJS.Marshallers.PocoMarshaller`1[[SpawnDev.SpawnJS.JSObjects.RTCRtpSendParameters, SpawnDev.SpawnJS, Version=2.0.10.0, Culture=neutral, PublicKeyToken=null]].JSToNet(SpawnJSObjectReference )
   at SpawnDev.SpawnJS.SpawnJSRuntime._InteropCallApply[RTCRtpSendParameters](Int32 , SpawnJSObjectReference )
   at SpawnDev.SpawnJS.SpawnJSRuntime._InteropCallApply[RTCRtpSendParameters](String , SpawnJSObjectReference )
   at SpawnDev.SpawnJS.SpawnJSRuntime.InteropCall[Double,String,RTCRtpSendParameters](String , Double , String )
   at SpawnDev.SpawnJS.SpawnJSObjectReference.Call[RTCRtpSendParameters](String )
   at SpawnDev.SpawnJS.JSObjects.RTCRtpSender.GetParameters()
   at SpawnDev.RTC.Browser.BrowserRtpSender.GetParameters()
   at SpawnDev.RTC.Demo.Shared.UnitTests.RTCTestBase.RtpSender_SetParameters_TransactionIdRoundTrip_Succeeds()
   at SpawnDev.UnitTesting.UnitTestRunner.RunTest(UnitTest test)
  Stack Trace:
     at ProjectTest.RunTest(IPage page) in D:\users\tj\Projects\SpawnDev.RTC\SpawnDev.RTC\PlaywrightMultiTest\ProjectTest.cs:line 203
   at PlaywrightMultiTest.Tests.RunTest(ProjectTest test) in D:\users\tj\Projects\SpawnDev.RTC\SpawnDev.RTC\PlaywrightMultiTest\UnitTest1.cs:line 27
   at NUnit.Framework.Internal.Commands.TestMethodCommand.Execute(TestExecutionContext context)
   at NUnit.Framework.Internal.Commands.BeforeAndAfterTestCommand.<>c__DisplayClass1_0.<Execute>b__0()
   at NUnit.Framework.Internal.Commands.DelegatingTestCommand.RunTestMethodInThreadAbortSafeZone(TestExecutionContext context, Action action)

  Failed WasmRTCTests.RtpSender_EncodingShape_SimulcastLayeringRoundTrips [133 ms]
  Error Message:
   System.Exception : Test WasmRTCTests.RtpSender_EncodingShape_SimulcastLayeringRoundTrips failed with error: System.Exception: GetMarshaller failed: Nullable<UInt32>
   at SpawnDev.SpawnJS.SpawnJSRuntime.GetMarshaller[Nullable`1]()
   at SpawnDev.SpawnJS.SpawnJSRuntime._InteropCallApply[Nullable`1](Int32 , SpawnJSObjectReference )
   at SpawnDev.SpawnJS.SpawnJSRuntime._InteropCallApply[Nullable`1](String , SpawnJSObjectReference )
   at SpawnDev.SpawnJS.SpawnJSRuntime.InteropCall[Double,String,Nullable`1](String , Double , String )
   at System.Object.InvokeStub_<>c__DisplayClass2_0.<JSToNet>g__readTyped|0(Object , Object , Object , Object , Object )
   at System.Reflection.MethodInvoker.InvokeImpl(Object , Object , Object , Object , Object )
   at System.Reflection.MethodInvoker.Invoke(Object , Span`1 )
   at SpawnDev.SpawnJS.Marshaller.DelegateExtensions.InvokeGeneric(Delegate , Type , Object[] )
   at SpawnDev.SpawnJS.Marshallers.PocoMarshaller`1[[SpawnDev.SpawnJS.JSObjects.RTCRtpEncodingParameters, SpawnDev.SpawnJS, Version=2.0.10.0, Culture=neutral, PublicKeyToken=null]].JSToNet(SpawnJSObjectReference )
   at SpawnDev.SpawnJS.SpawnJSRuntime._InteropCallApply[RTCRtpEncodingParameters](Int32 , SpawnJSObjectReference )
   at SpawnDev.SpawnJS.SpawnJSRuntime._InteropCallApply[RTCRtpEncodingParameters](String , SpawnJSObjectReference )
   at SpawnDev.SpawnJS.SpawnJSRuntime.InteropCall[Double,Int32,RTCRtpEncodingParameters](String , Double , Int32 )
   at SpawnDev.SpawnJS.SpawnJSObjectReference.Get[RTCRtpEncodingParameters](Int32 )
   at SpawnDev.SpawnJS.Marshallers.ArrayMarshaller`1[[SpawnDev.SpawnJS.JSObjects.RTCRtpEncodingParameters, SpawnDev.SpawnJS, Version=2.0.10.0, Culture=neutral, PublicKeyToken=null]].JSToNet(SpawnJSObjectReference )
   at SpawnDev.SpawnJS.SpawnJSRuntime._InteropCallApply[RTCRtpEncodingParameters[]](Int32 , SpawnJSObjectReference )
   at SpawnDev.SpawnJS.SpawnJSRuntime._InteropCallApply[RTCRtpEncodingParameters[]](String , SpawnJSObjectReference )
   at SpawnDev.SpawnJS.SpawnJSRuntime.InteropCall[Double,String,RTCRtpEncodingParameters[]](String , Double , String )
   at System.Object.InvokeStub_<>c__DisplayClass2_0.<JSToNet>g__readTyped|0(Object , Object , Object , Object , Object )
   at System.Reflection.MethodInvoker.InvokeImpl(Object , Object , Object , Object , Object )
   at System.Reflection.MethodInvoker.Invoke(Object , Span`1 )
   at SpawnDev.SpawnJS.Marshaller.DelegateExtensions.InvokeGeneric(Delegate , Type , Object[] )
   at SpawnDev.SpawnJS.Marshallers.PocoMarshaller`1[[SpawnDev.SpawnJS.JSObjects.RTCRtpSendParameters, SpawnDev.SpawnJS, Version=2.0.10.0, Culture=neutral, PublicKeyToken=null]].JSToNet(SpawnJSObjectReference )
   at SpawnDev.SpawnJS.SpawnJSRuntime._InteropCallApply[RTCRtpSendParameters](Int32 , SpawnJSObjectReference )
   at SpawnDev.SpawnJS.SpawnJSRuntime._InteropCallApply[RTCRtpSendParameters](String , SpawnJSObjectReference )
   at SpawnDev.SpawnJS.SpawnJSRuntime.InteropCall[Double,String,RTCRtpSendParameters](String , Double , String )
   at SpawnDev.SpawnJS.SpawnJSObjectReference.Call[RTCRtpSendParameters](String )
   at SpawnDev.SpawnJS.JSObjects.RTCRtpSender.GetParameters()
   at SpawnDev.RTC.Browser.BrowserRtpSender.GetParameters()
   at SpawnDev.RTC.Demo.Shared.UnitTests.RTCTestBase.RtpSender_EncodingShape_SimulcastLayeringRoundTrips()
   at SpawnDev.UnitTesting.UnitTestRunner.RunTest(UnitTest test)
  Stack Trace:
     at ProjectTest.RunTest(IPage page) in D:\users\tj\Projects\SpawnDev.RTC\SpawnDev.RTC\PlaywrightMultiTest\ProjectTest.cs:line 203
   at PlaywrightMultiTest.Tests.RunTest(ProjectTest test) in D:\users\tj\Projects\SpawnDev.RTC\SpawnDev.RTC\PlaywrightMultiTest\UnitTest1.cs:line 27
   at NUnit.Framework.Internal.Commands.TestMethodCommand.Execute(TestExecutionContext context)
   at NUnit.Framework.Internal.Commands.BeforeAndAfterTestCommand.<>c__DisplayClass1_0.<Execute>b__0()
   at NUnit.Framework.Internal.Commands.DelegatingTestCommand.RunTestMethodInThreadAbortSafeZone(TestExecutionContext context, Action action)

  Failed WasmRTCTests.RtpSender_InitSimulcast_SdpOfferContainsSimulcastAndRidLines [233 ms]
  Error Message:
   System.Exception : Test WasmRTCTests.RtpSender_InitSimulcast_SdpOfferContainsSimulcastAndRidLines failed with error: System.Exception: GetMarshaller failed: Nullable<UInt32>
   at SpawnDev.SpawnJS.SpawnJSRuntime.GetMarshaller[Nullable`1]()
   at SpawnDev.SpawnJS.SpawnJSRuntime._InteropCallApply[Nullable`1](Int32 , SpawnJSObjectReference )
   at SpawnDev.SpawnJS.SpawnJSRuntime._InteropCallApply[Nullable`1](String , SpawnJSObjectReference )
   at SpawnDev.SpawnJS.SpawnJSRuntime.InteropCall[Double,String,Nullable`1](String , Double , String )
   at System.Object.InvokeStub_<>c__DisplayClass2_0.<JSToNet>g__readTyped|0(Object , Object , Object , Object , Object )
   at System.Reflection.MethodInvoker.InvokeImpl(Object , Object , Object , Object , Object )
   at System.Reflection.MethodInvoker.Invoke(Object , Span`1 )
   at SpawnDev.SpawnJS.Marshaller.DelegateExtensions.InvokeGeneric(Delegate , Type , Object[] )
   at SpawnDev.SpawnJS.Marshallers.PocoMarshaller`1[[SpawnDev.SpawnJS.JSObjects.RTCRtpEncodingParameters, SpawnDev.SpawnJS, Version=2.0.10.0, Culture=neutral, PublicKeyToken=null]].JSToNet(SpawnJSObjectReference )
   at SpawnDev.SpawnJS.SpawnJSRuntime._InteropCallApply[RTCRtpEncodingParameters](Int32 , SpawnJSObjectReference )
   at SpawnDev.SpawnJS.SpawnJSRuntime._InteropCallApply[RTCRtpEncodingParameters](String , SpawnJSObjectReference )
   at SpawnDev.SpawnJS.SpawnJSRuntime.InteropCall[Double,Int32,RTCRtpEncodingParameters](String , Double , Int32 )
   at SpawnDev.SpawnJS.SpawnJSObjectReference.Get[RTCRtpEncodingParameters](Int32 )
   at SpawnDev.SpawnJS.Marshallers.ArrayMarshaller`1[[SpawnDev.SpawnJS.JSObjects.RTCRtpEncodingParameters, SpawnDev.SpawnJS, Version=2.0.10.0, Culture=neutral, PublicKeyToken=null]].JSToNet(SpawnJSObjectReference )
   at SpawnDev.SpawnJS.SpawnJSRuntime._InteropCallApply[RTCRtpEncodingParameters[]](Int32 , SpawnJSObjectReference )
   at SpawnDev.SpawnJS.SpawnJSRuntime._InteropCallApply[RTCRtpEncodingParameters[]](String , SpawnJSObjectReference )
   at SpawnDev.SpawnJS.SpawnJSRuntime.InteropCall[Double,String,RTCRtpEncodingParameters[]](String , Double , String )
   at System.Object.InvokeStub_<>c__DisplayClass2_0.<JSToNet>g__readTyped|0(Object , Object , Object , Object , Object )
   at System.Reflection.MethodInvoker.InvokeImpl(Object , Object , Object , Object , Object )
   at System.Reflection.MethodInvoker.Invoke(Object , Span`1 )
   at SpawnDev.SpawnJS.Marshaller.DelegateExtensions.InvokeGeneric(Delegate , Type , Object[] )
   at SpawnDev.SpawnJS.Marshallers.PocoMarshaller`1[[SpawnDev.SpawnJS.JSObjects.RTCRtpSendParameters, SpawnDev.SpawnJS, Version=2.0.10.0, Culture=neutral, PublicKeyToken=null]].JSToNet(SpawnJSObjectReference )
   at SpawnDev.SpawnJS.SpawnJSRuntime._InteropCallApply[RTCRtpSendParameters](Int32 , SpawnJSObjectReference )
   at SpawnDev.SpawnJS.SpawnJSRuntime._InteropCallApply[RTCRtpSendParameters](String , SpawnJSObjectReference )
   at SpawnDev.SpawnJS.SpawnJSRuntime.InteropCall[Double,String,RTCRtpSendParameters](String , Double , String )
   at SpawnDev.SpawnJS.SpawnJSObjectReference.Call[RTCRtpSendParameters](String )
   at SpawnDev.SpawnJS.JSObjects.RTCRtpSender.GetParameters()
   at SpawnDev.RTC.Browser.BrowserRtpSender.GetParameters()
   at SpawnDev.RTC.Demo.Shared.UnitTests.RTCTestBase.RtpSender_InitSimulcast_SdpOfferContainsSimulcastAndRidLines()
   at SpawnDev.UnitTesting.UnitTestRunner.RunTest(UnitTest test)
  Stack Trace:
     at ProjectTest.RunTest(IPage page) in D:\users\tj\Projects\SpawnDev.RTC\SpawnDev.RTC\PlaywrightMultiTest\ProjectTest.cs:line 203
   at PlaywrightMultiTest.Tests.RunTest(ProjectTest test) in D:\users\tj\Projects\SpawnDev.RTC\SpawnDev.RTC\PlaywrightMultiTest\UnitTest1.cs:line 27
   at NUnit.Framework.Internal.Commands.TestMethodCommand.Execute(TestExecutionContext context)
   at NUnit.Framework.Internal.Commands.BeforeAndAfterTestCommand.<>c__DisplayClass1_0.<Execute>b__0()
   at NUnit.Framework.Internal.Commands.DelegatingTestCommand.RunTestMethodInThreadAbortSafeZone(TestExecutionContext context, Action action)

  Skipped DesktopRTCTests.RtpSender_InitSimulcast_SdpOfferContainsSimulcastAndRidLines [209 ms]
[PlaywrightMultiTest] [Signaling Embedded] URL: wss://localhost:5570/announce, Room: 1a31ab79...
  Skipped HubDeploymentSmokeTests.Smoke_StunBindingRequest_HubRespondsOnUdp [190 ms]
  Skipped HubDeploymentSmokeTests.Smoke_TrackerGatedTurn_DenyThenAllowThenDeny [197 ms]
[PlaywrightMultiTest] [Signaling Embedded] B connected
[PlaywrightMultiTest] [Signaling Embedded] A connected
[PlaywrightMultiTest] [Signaling Embedded] A peer: 5fe5b885
[PlaywrightMultiTest] [Signaling Embedded] B peer: 1c0b80a2
[PlaywrightMultiTest] [Signaling Embedded] B peer: 1c0b80a2
[PlaywrightMultiTest] [Signaling Embedded] A peer: 5fe5b885
[PlaywrightMultiTest] [Signaling Embedded] A got dc 'data' state=connecting
[PlaywrightMultiTest] [Signaling Embedded] A peer: 5fe5b885
[PlaywrightMultiTest] [Signaling Embedded] B got dc 'data' state=open
[PlaywrightMultiTest] [Signaling Embedded] A dc open
[PlaywrightMultiTest] [Signaling Embedded] A sent
[PlaywrightMultiTest] [Signaling Embedded] B got: from A
  Failed Signaling.Embedded_TwoPeers [34 s]
  Error Message:
   System.Exception : A did not receive from B via new signaling client
  Stack Trace:
     at PlaywrightMultiTest.ProjectRunner.SignalingEmbeddedTest(TestableBlazorWasm blazorProj) in D:\users\tj\Projects\SpawnDev.RTC\SpawnDev.RTC\PlaywrightMultiTest\ProjectRunner.cs:line 760
   at PlaywrightMultiTest.ProjectRunner.SignalingEmbeddedTest(TestableBlazorWasm blazorProj) in D:\users\tj\Projects\SpawnDev.RTC\SpawnDev.RTC\PlaywrightMultiTest\ProjectRunner.cs:line 762
   at PlaywrightMultiTest.ProjectRunner.SignalingEmbeddedTest(TestableBlazorWasm blazorProj) in D:\users\tj\Projects\SpawnDev.RTC\SpawnDev.RTC\PlaywrightMultiTest\ProjectRunner.cs:line 762
   at PlaywrightMultiTest.ProjectRunner.<>c__DisplayClass16_0.<<GetPlaywrightTasks>b__0>d.MoveNext() in D:\users\tj\Projects\SpawnDev.RTC\SpawnDev.RTC\PlaywrightMultiTest\ProjectRunner.cs:line 442
--- End of stack trace from previous location ---
   at PlaywrightMultiTest.Tests.RunTest(ProjectTest test) in D:\users\tj\Projects\SpawnDev.RTC\SpawnDev.RTC\PlaywrightMultiTest\UnitTest1.cs:line 27
   at NUnit.Framework.Internal.Commands.TestMethodCommand.Execute(TestExecutionContext context)
   at NUnit.Framework.Internal.Commands.BeforeAndAfterTestCommand.<>c__DisplayClass1_0.<Execute>b__0()
   at NUnit.Framework.Internal.Commands.DelegatingTestCommand.RunTestMethodInThreadAbortSafeZone(TestExecutionContext context, Action action)

  Standard Error Messages:
 [PlaywrightMultiTest] [Signaling Embedded] URL: wss://localhost:5570/announce, Room: 1a31ab79...
 [PlaywrightMultiTest] [Signaling Embedded] B connected
 [PlaywrightMultiTest] [Signaling Embedded] A connected
 [PlaywrightMultiTest] [Signaling Embedded] A peer: 5fe5b885
 [PlaywrightMultiTest] [Signaling Embedded] B peer: 1c0b80a2
 [PlaywrightMultiTest] [Signaling Embedded] B peer: 1c0b80a2
 [PlaywrightMultiTest] [Signaling Embedded] A peer: 5fe5b885
 [PlaywrightMultiTest] [Signaling Embedded] A got dc 'data' state=connecting
 [PlaywrightMultiTest] [Signaling Embedded] A peer: 5fe5b885
 [PlaywrightMultiTest] [Signaling Embedded] B got dc 'data' state=open
 [PlaywrightMultiTest] [Signaling Embedded] A dc open
 [PlaywrightMultiTest] [Signaling Embedded] A sent
 [PlaywrightMultiTest] [Signaling Embedded] B got: from A

[PlaywrightMultiTest] [Signaling Live] Tracker: wss://tracker.openwebtorrent.com, Room: b956326a...
[PlaywrightMultiTest] [Signaling Embedded] B sent
[PlaywrightMultiTest] [Signaling Live] A connected
[PlaywrightMultiTest] [Signaling Live] B connected
[PlaywrightMultiTest] [Signaling Live] A peer: b7e6e6cf
[PlaywrightMultiTest] [Signaling Live] B peer: 2b85557e
[PlaywrightMultiTest] [Signaling Live] B dc open
[PlaywrightMultiTest] [Signaling Live] B sent
[PlaywrightMultiTest] [Signaling Live] A got: live B
[PlaywrightMultiTest] [Signaling Live] A sent
[PlaywrightMultiTest] [Signaling Live] B got: live A
[PlaywrightMultiTest] [Signaling Live] SUCCESS - A got: live B, B got: live A
[PlaywrightMultiTest] [Signaling XPlat] URL: wss://localhost:5570/announce, Room: 29e20242...
[PlaywrightMultiTest] [Signaling XPlat] Desktop connected
[PlaywrightMultiTest] [Signaling XPlat] Desktop peer: 2d425230
[PlaywrightMultiTest] [Signaling XPlat] Desktop got: from browser
[PlaywrightMultiTest] [Signaling XPlat] Desktop sent
[PlaywrightMultiTest] [Signaling XPlat] Browser result: OK:from desktop
[PlaywrightMultiTest] [Signaling XPlat] Desktop result: OK:from browser
[PlaywrightMultiTest] [Signaling XPlat] SUCCESS - Browser and desktop exchanged messages via new signaling client!
[PlaywrightMultiTest] [Signaling Isolation] Rooms A=20 bytes, B=20 bytes, peers A=-RT0100-, B=-RT0100-
[PlaywrightMultiTest] [Signaling Isolation] Both WS connected
[PlaywrightMultiTest] [Signaling Isolation] A response: {"action":"announce","info_hash":"ËÔËl\u008fÍR\u0096h|HÎ\u0002q«Iqù\u0089Ë","interval":30,"complete":0,"incomplete":1}
[PlaywrightMultiTest] [Signaling Isolation] B response: {"action":"announce","info_hash":"\u0086\u0004-,!ÔÞ³JæãÖ\nYÜé\u0084`\n¶","interval":30,"complete":0,"incomplete":1}
[PlaywrightMultiTest] [Signaling Isolation] SUCCESS - rooms are isolated
[PlaywrightMultiTest] [ServerApp] Using launch settings from D:\users\tj\Projects\SpawnDev.RTC\SpawnDev.RTC\SpawnDev.RTC.ServerApp\Properties\launchSettings.json...
[PlaywrightMultiTest] [ServerApp] D:\users\tj\Projects\SpawnDev.RTC\SpawnDev.RTC\SpawnDev.RTC.ServerApp\Program.cs(49,5): warning ASPDEPR005: 'ForwardedHeadersOptions.KnownNetworks' is obsolete: 'Please use KnownIPNetworks instead. For more information, visit https://aka.ms/aspnet/deprecate/005.' (https://aka.ms/aspnet/deprecate/005) [D:\users\tj\Projects\SpawnDev.RTC\SpawnDev.RTC\SpawnDev.RTC.ServerApp\SpawnDev.RTC.ServerApp.csproj]
[PlaywrightMultiTest] [ServerApp] SpawnDev.RTC.ServerApp 2.0.3 - WebTorrent-compatible signaling server
[PlaywrightMultiTest] [ServerApp]   Announce: /announce (WebSocket)
[PlaywrightMultiTest] [ServerApp]   Health:   /health
[PlaywrightMultiTest] [ServerApp]   Stats:    /stats
[PlaywrightMultiTest] [ServerApp]   Source:   https://github.com/LostBeard/SpawnDev.RTC
[PlaywrightMultiTest] [ServerApp] info: Microsoft.Hosting.Lifetime[14]
[PlaywrightMultiTest] [ServerApp]       Now listening on: http://localhost:5590
[PlaywrightMultiTest] [ServerApp] info: Microsoft.Hosting.Lifetime[0]
[PlaywrightMultiTest] [ServerApp]       Application started. Press Ctrl+C to shut down.
[PlaywrightMultiTest] [ServerApp] info: Microsoft.Hosting.Lifetime[0]
[PlaywrightMultiTest] [ServerApp]       Hosting environment: Development
[PlaywrightMultiTest] [ServerApp] info: Microsoft.Hosting.Lifetime[0]
[PlaywrightMultiTest] [ServerApp]       Content root path: D:\users\tj\Projects\SpawnDev.RTC\SpawnDev.RTC\SpawnDev.RTC.ServerApp
[PlaywrightMultiTest] [ServerApp.SmokeTest] SUCCESS - /health, /, /stats, /announce all behaved

Failed!  - Failed:     9, Passed:   322, Skipped:     3, Total:   334, Duration: 4 m 27 s - PlaywrightMultiTest.dll (net10.0)
